


<html lang="en">
<head>
  <title>刚刚那只逗逼去哪儿了？</title>
  <meta charset="utf-8">
  <link href="/dobehub/assets/images/favicon.png" type="image/x-icon" rel="shortcut icon">
  <link rel='stylesheet' href='/dobehub/assets/css/bootstrap.min.css' />
  <link rel='stylesheet' href='/dobehub/assets/css/font-awesome.min.css' />
  <link rel='stylesheet' href='/dobehub/assets/css/style.css' />
  <script type="text/javascript" src="/dobehub/assets/js/jquery-1.9.1.min.js"></script>
    <style>
        .notfound-cat{
            max-height: 400px;
            max-width: 600px;
        }
        .dobe{
            margin-left: 150px;
        }
        .note{
            margin-right: 80px;
        }
        li{
            text-align: left;
        }
        .no-select{
            -webkit-user-select:none;
        }
    </style>
</head>
<body>
<div class="content-body">
  <div class="container">
    <div class="row">
        <div align="center">
            <h1 class="blod-big alert-60 no-select">404 Not Found</h1>

            <div align="center" class="pull-left dobe" >
                <div class="big-20">
                    <p>逗逼神兽在此！惊扰了神兽还想跑？</p>
                </div>
                <img class="notfound-cat no-select" src="/dobehub/assets/images/caty.jpg">
            </div>
            <div class="pull-right note">
                <h4 class="blod-big">您经常走错到神兽的房间，多半是因为：</h4>
                <ol>
                    <li class="middle-16 blod-big">您的地址输错了</li>
                    <li class="middle-16 blod-big">我们站点的锅= =</li>
                    <li class="middle-16 blod-big">您家的猫站在电脑网卡附近干扰了wifi信号（如左图）</li>
                    <li class="middle-16 blod-big">您逗逼次数过多导致大脑有点懵逼，建议您休息一会儿</li>
                </ol>
                <a href="/dobehub/index" class="blod-big bg-yellow">【传送门】在此！</a>
            </div>
        </div>
    </div>
  </div>
</div>
</body>
</html>